// Vitest Snapshot v1, https://vitest.dev/guide/snapshot.html

exports[`OfferFeatures > matches snapshot 1`] = `
<div>
  <ul
    class="offer__features"
  >
    <li
      class="offer__feature offer__feature--entire"
    >
      Apartment
    </li>
    <li
      class="offer__feature offer__feature--bedrooms"
    >
      2
       Bedrooms
    </li>
    <li
      class="offer__feature offer__feature--adults"
    >
      Max 
      3
       adult
      s
    </li>
  </ul>
</div>
`;
