// Vitest Snapshot v1, https://vitest.dev/guide/snapshot.html

exports[`OfferInside > matches snapshot 1`] = `
<div>
  <div
    class="offer__inside"
  >
    <h2
      class="offer__inside-title"
    >
      What's inside
    </h2>
    <ul
      class="offer__inside-list"
    >
      <li
        class="offer__inside-item"
      >
        Wi-Fi
      </li>
      <li
        class="offer__inside-item"
      >
        Heating
      </li>
      <li
        class="offer__inside-item"
      >
        Kitchen
      </li>
      <li
        class="offer__inside-item"
      >
        Parking
      </li>
    </ul>
  </div>
</div>
`;
